// Jest Snapshot v1, https://goo.gl/fbAQLP

exports[`About component matches snapshot DOM node structure 1`] = `
<DocumentFragment>
  <section
    class="max-w-4xl mt-20 mx-auto"
  >
    <h1
      class="text-2xl text-black md:text-4xl font-bold text-center"
    >
      This is about me
    </h1>
    <h1
      class="text-base sm:text-2xl text-center text-gray-600 leading-relaxed mt-4"
    >
      I am a Full Stack Web Developer, passionate about learning and growing. Everyday I discover something new with technology/coding. It has been nice to see how technology has grown from yahoo chat, myspace to FaceBook, LinkedIn, Etc. and it continues to grow! I am excited to be part of this every growing industry!
    </h1>
  </section>
</DocumentFragment>
`;
